mc_tasks.c:455:13:FOC_Clear	24	static
mc_tasks.c:127:13:MCboot	56	static
mc_tasks.c:491:13:FOC_InitAdditionalMethods	0	static
mc_tasks.c:508:13:FOC_CalcCurrRef	8	static
mc_tasks.c:535:13:TSK_SetChargeBootCapDelayM1	0	static
mc_tasks.c:546:13:TSK_ChargeBootCapDelayHasElapsedM1	0	static
mc_tasks.c:562:13:TSK_SetStopPermanencyTimeM1	0	static
mc_tasks.c:573:13:TSK_StopPermanencyTimeHasElapsedM1	0	static
mc_tasks.c:320:13:TSK_MediumFrequencyTaskM1	24	static
mc_tasks.c:274:13:MC_Scheduler	16	static
mc_tasks.c:258:13:MC_RunMotorControlTasks	8	static
mc_tasks.c:598:16:TSK_HighFrequencyTask	56	static
mc_tasks.c:756:13:TSK_SafetyTask_PWMOFF	32	static
mc_tasks.c:732:13:TSK_SafetyTask	8	static
mc_tasks.c:818:23:GetMCI	0	static
mc_tasks.c:837:22:GetMCT	0	static
mc_tasks.c:853:13:TSK_HardwareFaultTask	8	static
mc_tasks.c:867:6:startMediumFrequencyTask	8	static
mc_tasks.c:881:6:StartSafetyTask	8	static
mc_tasks.c:898:13:mc_lock_pins	88	static
