speed_pos_fdbk.c:62:16:SPD_GetElAngle	0	static
speed_pos_fdbk.c:82:16:SPD_GetMecAngle	0	static
speed_pos_fdbk.c:92:16:SPD_GetAvrgMecSpeedUnit	0	static
speed_pos_fdbk.c:105:16:SPD_GetElSpeedDpp	0	static
speed_pos_fdbk.c:125:16:SPD_GetInstElSpeedDpp	0	static
speed_pos_fdbk.c:140:13:SPD_Check	0	static
speed_pos_fdbk.c:174:13:SPD_IsMecSpeedReliable	8	static
speed_pos_fdbk.c:259:16:SPD_GetS16Speed	0	static
speed_pos_fdbk.c:274:16:SPD_GetElToMecRatio	0	static
speed_pos_fdbk.c:286:13:SPD_SetElToMecRatio	0	static
