speed_torq_ctrl.c:54:13:STC_Init	8	static
speed_torq_ctrl.c:73:13:STC_SetSpeedSensor	0	static
speed_torq_ctrl.c:83:33:STC_GetSpeedSensor	0	static
speed_torq_ctrl.c:94:13:STC_Clear	0	static
speed_torq_ctrl.c:109:16:STC_GetMecSpeedRefUnit	0	static
speed_torq_ctrl.c:124:16:STC_GetTorqueRef	0	static
speed_torq_ctrl.c:146:13:STC_SetControlMode	0	static
speed_torq_ctrl.c:158:23:STC_GetControlMode	0	static
speed_torq_ctrl.c:188:13:STC_ExecRamp	16	static
speed_torq_ctrl.c:282:13:STC_StopRamp	0	static
speed_torq_ctrl.c:301:16:STC_CalcTorqueReference	16	static
speed_torq_ctrl.c:368:16:STC_GetMecSpeedRefUnitDefault	0	static
speed_torq_ctrl.c:377:17:STC_GetMaxAppPositiveMecSpeedUnit	0	static
speed_torq_ctrl.c:386:16:STC_GetMinAppNegativeMecSpeedUnit	0	static
speed_torq_ctrl.c:396:13:STC_RampCompleted	0	static
speed_torq_ctrl.c:411:13:STC_StopSpeedRamp	0	static
speed_torq_ctrl.c:427:13:STC_GetDefaultIqdref	8	static
speed_torq_ctrl.c:442:13:STC_SetNominalCurrent	0	static
speed_torq_ctrl.c:454:13:STC_ForceSpeedReferenceToCurrentSpeed	8	static
