stm32f1xx_hal_uart.c:672:13:HAL_UART_MspInit	0	static
stm32f1xx_hal_uart.c:314:19:HAL_UART_Init	16	static
stm32f1xx_hal_uart.c:391:19:HAL_HalfDuplex_Init	16	static
stm32f1xx_hal_uart.c:466:19:HAL_LIN_Init	24	static
stm32f1xx_hal_uart.c:549:19:HAL_MultiProcessor_Init	24	static
stm32f1xx_hal_uart.c:687:13:HAL_UART_MspDeInit	0	static
stm32f1xx_hal_uart.c:628:19:HAL_UART_DeInit	8	static
stm32f1xx_hal_uart.c:1027:19:HAL_UART_Transmit	40	static
stm32f1xx_hal_uart.c:1115:19:HAL_UART_Receive	40	static
stm32f1xx_hal_uart.c:1205:19:HAL_UART_Transmit_IT	8	static
stm32f1xx_hal_uart.c:1250:19:HAL_UART_Receive_IT	8	static
stm32f1xx_hal_uart.c:1301:19:HAL_UART_Transmit_DMA	24	static
stm32f1xx_hal_uart.c:1369:19:HAL_UART_Receive_DMA	24	static
stm32f1xx_hal_uart.c:1436:19:HAL_UART_DMAPause	0	static
stm32f1xx_hal_uart.c:1473:19:HAL_UART_DMAResume	8	static
stm32f1xx_hal_uart.c:1509:19:HAL_UART_DMAStop	8	static
stm32f1xx_hal_uart.c:1561:19:HAL_UART_Abort	8	static
stm32f1xx_hal_uart.c:1643:19:HAL_UART_AbortTransmit	8	static
stm32f1xx_hal_uart.c:1694:19:HAL_UART_AbortReceive	8	static
stm32f1xx_hal_uart.c:2169:13:HAL_UART_TxCpltCallback	0	static
stm32f1xx_hal_uart.c:2544:13:UART_DMATransmitCplt	8	static
stm32f1xx_hal_uart.c:2184:13:HAL_UART_TxHalfCpltCallback	0	static
stm32f1xx_hal_uart.c:2579:13:UART_DMATxHalfCplt	8	static
stm32f1xx_hal_uart.c:2199:13:HAL_UART_RxCpltCallback	0	static
stm32f1xx_hal_uart.c:2598:13:UART_DMAReceiveCplt	8	static
stm32f1xx_hal_uart.c:2987:26:UART_Receive_IT.part.1	8	static
stm32f1xx_hal_uart.c:2214:13:HAL_UART_RxHalfCpltCallback	0	static
stm32f1xx_hal_uart.c:2632:13:UART_DMARxHalfCplt	8	static
stm32f1xx_hal_uart.c:2229:13:HAL_UART_ErrorCallback	0	static
stm32f1xx_hal_uart.c:2651:13:UART_DMAError	8	static
stm32f1xx_hal_uart.c:2023:6:HAL_UART_IRQHandler	16	static
stm32f1xx_hal_uart.c:2755:13:UART_DMAAbortOnError	8	static
stm32f1xx_hal_uart.c:2243:13:HAL_UART_AbortCpltCallback	0	static
stm32f1xx_hal_uart.c:1748:19:HAL_UART_Abort_IT	8	static
stm32f1xx_hal_uart.c:2824:13:UART_DMARxAbortCallback	8	static
stm32f1xx_hal_uart.c:2779:13:UART_DMATxAbortCallback	8	static
stm32f1xx_hal_uart.c:2258:13:HAL_UART_AbortTransmitCpltCallback	0	static
stm32f1xx_hal_uart.c:1876:19:HAL_UART_AbortTransmit_IT	8	static
stm32f1xx_hal_uart.c:2869:13:UART_DMATxOnlyAbortCallback	8	static
stm32f1xx_hal_uart.c:2273:13:HAL_UART_AbortReceiveCpltCallback	0	static
stm32f1xx_hal_uart.c:1953:19:HAL_UART_AbortReceive_IT	8	static
stm32f1xx_hal_uart.c:2897:13:UART_DMARxOnlyAbortCallback	8	static
stm32f1xx_hal_uart.c:2312:19:HAL_LIN_SendBreak	8	static
stm32f1xx_hal_uart.c:2339:19:HAL_MultiProcessor_EnterMuteMode	8	static
stm32f1xx_hal_uart.c:2366:19:HAL_MultiProcessor_ExitMuteMode	8	static
stm32f1xx_hal_uart.c:2393:19:HAL_HalfDuplex_EnableTransmitter	8	static
stm32f1xx_hal_uart.c:2428:19:HAL_HalfDuplex_EnableReceiver	8	static
stm32f1xx_hal_uart.c:2485:23:HAL_UART_GetState	0	static
stm32f1xx_hal_uart.c:2500:10:HAL_UART_GetError	0	static
