stm32f1xx_hal_adc.c:787:13:HAL_ADC_MspInit	0	static
stm32f1xx_hal_adc.c:421:19:HAL_ADC_Init	16	static
stm32f1xx_hal_adc.c:801:13:HAL_ADC_MspDeInit	0	static
stm32f1xx_hal_adc.c:639:19:HAL_ADC_DeInit	16	static
stm32f1xx_hal_adc.c:1046:19:HAL_ADC_Start	24	static
stm32f1xx_hal_adc.c:1159:19:HAL_ADC_Stop	16	static
stm32f1xx_hal_adc.c:1203:19:HAL_ADC_PollForConversion	32	static
stm32f1xx_hal_adc.c:1334:19:HAL_ADC_PollForEvent	24	static
stm32f1xx_hal_adc.c:1383:19:HAL_ADC_Start_IT	24	static
stm32f1xx_hal_adc.c:1494:19:HAL_ADC_Stop_IT	16	static
stm32f1xx_hal_adc.c:1551:19:HAL_ADC_Start_DMA	40	static
stm32f1xx_hal_adc.c:1692:19:HAL_ADC_Stop_DMA	16	static
stm32f1xx_hal_adc.c:1760:10:HAL_ADC_GetValue	0	static
stm32f1xx_hal_adc.c:1904:13:HAL_ADC_ConvCpltCallback	0	static
stm32f1xx_hal_adc.c:2320:6:ADC_DMAConvCplt	8	static
stm32f1xx_hal_adc.c:1918:13:HAL_ADC_ConvHalfCpltCallback	0	static
stm32f1xx_hal_adc.c:2367:6:ADC_DMAHalfConvCplt	8	static
stm32f1xx_hal_adc.c:1932:13:HAL_ADC_LevelOutOfWindowCallback	0	static
stm32f1xx_hal_adc.c:1777:6:HAL_ADC_IRQHandler	8	static
stm32f1xx_hal_adc.c:1947:13:HAL_ADC_ErrorCallback	0	static
stm32f1xx_hal_adc.c:2385:6:ADC_DMAError	8	static
stm32f1xx_hal_adc.c:1995:19:HAL_ADC_ConfigChannel	24	static
stm32f1xx_hal_adc.c:2105:19:HAL_ADC_AnalogWDGConfig	16	static
stm32f1xx_hal_adc.c:2192:10:HAL_ADC_GetState	0	static
stm32f1xx_hal_adc.c:2203:10:HAL_ADC_GetError	0	static
stm32f1xx_hal_adc.c:2227:19:ADC_Enable	24	static
stm32f1xx_hal_adc.c:2282:19:ADC_ConversionStop_Disable	16	static
