buffer.c:24:6:buffer_append_int16	8	static
buffer.c:29:6:buffer_append_uint16	8	static
buffer.c:34:6:buffer_append_int32	8	static
buffer.c:41:6:buffer_append_uint32	8	static
buffer.c:48:6:buffer_append_float16	16	static
buffer.c:52:6:buffer_append_float32	16	static
buffer.c:96:6:buffer_append_float32_auto	40	static
buffer.c:115:9:buffer_get_int16	0	static
buffer.c:122:10:buffer_get_uint16	0	static
buffer.c:129:9:buffer_get_int32	8	static
buffer.c:138:10:buffer_get_uint32	8	static
buffer.c:147:7:buffer_get_float16	8	static
buffer.c:151:7:buffer_get_float32	16	static
buffer.c:155:7:buffer_get_float32_auto	16	static
