utils.c:753:12:uint16_cmp_func	0	static
utils.c:32:6:utils_step_towards	24	static
utils.c:48:7:utils_calc_ratio	16	static
utils.c:58:6:utils_norm_angle	16	static
utils.c:75:6:utils_norm_angle_rad	40	static
utils.c:85:5:utils_truncate_number	24	static
utils.c:99:5:utils_truncate_number_int	0	static
utils.c:113:5:utils_truncate_number_abs	16	static
utils.c:127:7:utils_map	24	static
utils.c:131:5:utils_map_int	4	static
utils.c:139:6:utils_deadband	32	static
utils.c:161:7:utils_angle_difference	16	static
utils.c:191:7:utils_angle_difference_rad	32	static
utils.c:242:7:utils_middle_of_3	16	static
utils.c:270:5:utils_middle_of_3_int	0	static
utils.c:285:7:utils_fast_inv_sqrt	8	static
utils.c:312:7:utils_fast_atan2	24	static
utils.c:348:6:utils_saturate_vector_2d	24	static
utils.c:382:6:utils_fast_sincos	48	static
utils.c:428:6:utils_fast_sincos_better	48	static
utils.c:213:7:utils_avg_angles_rad_fast	40	static
utils.c:494:7:utils_min_abs	16	static
utils.c:517:7:utils_max_abs	16	static
utils.c:537:6:utils_byte_to_binary	24	static
utils.c:546:7:utils_throttle_curve	32	static
utils.c:602:10:utils_crc32c	4	static
utils.c:619:6:utils_fft32_bin0	16	static
utils.c:630:6:utils_fft32_bin1	32	static
utils.c:641:6:utils_fft32_bin2	32	static
utils.c:652:6:utils_fft16_bin0	16	static
utils.c:663:6:utils_fft16_bin1	24	static
utils.c:674:6:utils_fft16_bin2	24	static
utils.c:685:6:utils_fft8_bin0	16	static
utils.c:696:6:utils_fft8_bin1	24	static
utils.c:707:6:utils_fft8_bin2	16	static
utils.c:724:9:utils_second_motor_id	0	static
utils.c:739:7:utils_batt_liion_norm_v_to_capacity	16	static
utils.c:757:10:utils_median_filter_uint16_run	24	dynamic
utils.c:767:13:utils_hw_type_to_string	0	static
