VescToSTM.c:18:9:current_to_torque	8	static
VescToSTM.c:24:6:VescToSTM_init_odometer	24	static
VescToSTM.c:33:6:VescToSTM_set_open_loop	4	static
VescToSTM.c:44:6:VescToSTM_set_open_loop_rpm	4	static
VescToSTM.c:50:9:VescToSTM_get_uid	8	static
VescToSTM.c:57:7:VescToSTM_get_pid_pos_now	8	static
VescToSTM.c:63:6:VescToSTM_timeout_reset	8	static
VescToSTM.c:66:6:VescToSTM_handle_timeout	8	static
VescToSTM.c:74:6:VescToSTM_enable_timeout	0	static
VescToSTM.c:78:6:VescToSTM_set_torque	32	static
VescToSTM.c:110:6:VescToSTM_set_brake	16	static
VescToSTM.c:130:6:VescToSTM_set_speed	32	static
VescToSTM.c:155:7:VescToSTM_get_temperature	8	static
VescToSTM.c:160:7:VescToSTM_get_phase_current	8	static
VescToSTM.c:179:7:VescToSTM_get_input_current	8	static
VescToSTM.c:189:7:VescToSTM_get_id	8	static
VescToSTM.c:203:7:VescToSTM_get_iq	8	static
VescToSTM.c:217:7:VescToSTM_get_Vd	16	static
VescToSTM.c:233:7:VescToSTM_get_Vq	16	static
VescToSTM.c:243:7:VescToSTM_get_bus_voltage	8	static
VescToSTM.c:247:9:VescToSTM_get_erpm	8	static
VescToSTM.c:251:9:VescToSTM_get_erpm_fast	0	static
VescToSTM.c:255:9:VescToSTM_get_rpm	8	static
VescToSTM.c:259:6:VescToSTM_stop_motor	0	static
VescToSTM.c:262:6:VescToSTM_start_motor	0	static
VescToSTM.c:272:7:VescToSTM_get_distance	8	static
VescToSTM.c:282:7:VescToSTM_get_distance_abs	8	static
VescToSTM.c:293:6:VescToSTM_set_odometer	16	static
VescToSTM.c:303:10:VescToSTM_get_odometer	8	static
VescToSTM.c:318:9:VescToSTM_get_tachometer_value	0	static
VescToSTM.c:338:9:VescToSTM_get_tachometer_abs_value	0	static
VescToSTM.c:355:6:VescToSTM_set_handbrake	16	static
VescToSTM.c:379:7:VescToSTM_get_battery_level	40	static
VescToSTM.c:427:7:VescToSTM_get_duty_cycle_now	16	static
VescToSTM.c:439:6:VescToSTM_set_current_rel	24	static
VescToSTM.c:474:15:VescToSTM_get_fault	0	static
