r3_2_f1xx_pwm_curr_fdbk.c:224:13:R3_2_GetPhaseCurrents	16	static
r3_2_f1xx_pwm_curr_fdbk.c:376:6:R3_2_HFCurrentsPolarizationAB	8	static
r3_2_f1xx_pwm_curr_fdbk.c:405:6:R3_2_HFCurrentsPolarizationC	4	static
r3_2_f1xx_pwm_curr_fdbk.c:596:10:R3_2_SetADCSampPointPolarization	8	static
r3_2_f1xx_pwm_curr_fdbk.c:613:17:R3_2_SetADCSampPointSectX	12	static
r3_2_f1xx_pwm_curr_fdbk.c:77:13:R3_2_Init	12	static
r3_2_f1xx_pwm_curr_fdbk.c:431:13:R3_2_TurnOnLowSides	12	static
r3_2_f1xx_pwm_curr_fdbk.c:468:13:R3_2_SwitchOnPWM	16	static
r3_2_f1xx_pwm_curr_fdbk.c:523:13:R3_2_SwitchOffPWM	8	static
r3_2_f1xx_pwm_curr_fdbk.c:137:13:R3_2_CurrentReadingPolarization	32	static
r3_2_f1xx_pwm_curr_fdbk.c:558:10:R3_2_WriteTIMRegisters	8	static
r3_2_f1xx_pwm_curr_fdbk.c:679:15:R3_2_TIMx_UP_IRQHandler	16	static
r3_2_f1xx_pwm_curr_fdbk.c:713:14:R3_2_BRK_IRQHandler	8	static
r3_2_f1xx_pwm_curr_fdbk.c:733:17:R3_2_IsOverCurrentOccurred	0	static
