stm32f1xx_hal_tim.c:368:13:HAL_TIM_Base_MspInit	0	static
stm32f1xx_hal_tim.c:266:19:HAL_TIM_Base_Init	16	static
stm32f1xx_hal_tim.c:383:13:HAL_TIM_Base_MspDeInit	0	static
stm32f1xx_hal_tim.c:325:19:HAL_TIM_Base_DeInit	8	static
stm32f1xx_hal_tim.c:399:19:HAL_TIM_Base_Start	0	static
stm32f1xx_hal_tim.c:438:19:HAL_TIM_Base_Stop	0	static
stm32f1xx_hal_tim.c:458:19:HAL_TIM_Base_Start_IT	0	static
stm32f1xx_hal_tim.c:500:19:HAL_TIM_Base_Stop_IT	0	static
stm32f1xx_hal_tim.c:525:19:HAL_TIM_Base_Start_DMA	16	static
stm32f1xx_hal_tim.c:594:19:HAL_TIM_Base_Stop_DMA	8	static
stm32f1xx_hal_tim.c:751:13:HAL_TIM_OC_MspInit	0	static
stm32f1xx_hal_tim.c:649:19:HAL_TIM_OC_Init	16	static
stm32f1xx_hal_tim.c:766:13:HAL_TIM_OC_MspDeInit	0	static
stm32f1xx_hal_tim.c:708:19:HAL_TIM_OC_DeInit	8	static
stm32f1xx_hal_tim.c:787:19:HAL_TIM_OC_Start	0	static
stm32f1xx_hal_tim.c:841:19:HAL_TIM_OC_Stop	8	static
stm32f1xx_hal_tim.c:876:19:HAL_TIM_OC_Start_IT	0	static
stm32f1xx_hal_tim.c:964:19:HAL_TIM_OC_Stop_IT	8	static
stm32f1xx_hal_tim.c:1035:19:HAL_TIM_OC_Start_DMA	24	static
stm32f1xx_hal_tim.c:1193:19:HAL_TIM_OC_Stop_DMA	16	static
stm32f1xx_hal_tim.c:1392:13:HAL_TIM_PWM_MspInit	0	static
stm32f1xx_hal_tim.c:1290:19:HAL_TIM_PWM_Init	16	static
stm32f1xx_hal_tim.c:1407:13:HAL_TIM_PWM_MspDeInit	0	static
stm32f1xx_hal_tim.c:1349:19:HAL_TIM_PWM_DeInit	8	static
stm32f1xx_hal_tim.c:1428:19:HAL_TIM_PWM_Start	0	static
stm32f1xx_hal_tim.c:1482:19:HAL_TIM_PWM_Stop	8	static
stm32f1xx_hal_tim.c:1517:19:HAL_TIM_PWM_Start_IT	0	static
stm32f1xx_hal_tim.c:1604:19:HAL_TIM_PWM_Stop_IT	8	static
stm32f1xx_hal_tim.c:1675:19:HAL_TIM_PWM_Start_DMA	24	static
stm32f1xx_hal_tim.c:1832:19:HAL_TIM_PWM_Stop_DMA	16	static
stm32f1xx_hal_tim.c:2031:13:HAL_TIM_IC_MspInit	0	static
stm32f1xx_hal_tim.c:1929:19:HAL_TIM_IC_Init	16	static
stm32f1xx_hal_tim.c:2046:13:HAL_TIM_IC_MspDeInit	0	static
stm32f1xx_hal_tim.c:1988:19:HAL_TIM_IC_DeInit	8	static
stm32f1xx_hal_tim.c:2067:19:HAL_TIM_IC_Start	4	static
stm32f1xx_hal_tim.c:2119:19:HAL_TIM_IC_Stop	12	static
stm32f1xx_hal_tim.c:2149:19:HAL_TIM_IC_Start_IT	4	static
stm32f1xx_hal_tim.c:2234:19:HAL_TIM_IC_Stop_IT	8	static
stm32f1xx_hal_tim.c:2300:19:HAL_TIM_IC_Start_DMA	24	static
stm32f1xx_hal_tim.c:2456:19:HAL_TIM_IC_Stop_DMA	16	static
stm32f1xx_hal_tim.c:2668:13:HAL_TIM_OnePulse_MspInit	0	static
stm32f1xx_hal_tim.c:2555:19:HAL_TIM_OnePulse_Init	16	static
stm32f1xx_hal_tim.c:2683:13:HAL_TIM_OnePulse_MspDeInit	0	static
stm32f1xx_hal_tim.c:2623:19:HAL_TIM_OnePulse_DeInit	8	static
stm32f1xx_hal_tim.c:2703:19:HAL_TIM_OnePulse_Start	8	static
stm32f1xx_hal_tim.c:2760:19:HAL_TIM_OnePulse_Stop	0	static
stm32f1xx_hal_tim.c:2803:19:HAL_TIM_OnePulse_Start_IT	8	static
stm32f1xx_hal_tim.c:2866:19:HAL_TIM_OnePulse_Stop_IT	0	static
stm32f1xx_hal_tim.c:3103:13:HAL_TIM_Encoder_MspInit	0	static
stm32f1xx_hal_tim.c:2945:19:HAL_TIM_Encoder_Init	32	static
stm32f1xx_hal_tim.c:3118:13:HAL_TIM_Encoder_MspDeInit	0	static
stm32f1xx_hal_tim.c:3058:19:HAL_TIM_Encoder_DeInit	8	static
stm32f1xx_hal_tim.c:3138:19:HAL_TIM_Encoder_Start	8	static
stm32f1xx_hal_tim.c:3232:19:HAL_TIM_Encoder_Stop	4	static
stm32f1xx_hal_tim.c:3292:19:HAL_TIM_Encoder_Start_IT	8	static
stm32f1xx_hal_tim.c:3392:19:HAL_TIM_Encoder_Stop_IT	4	static
stm32f1xx_hal_tim.c:3457:19:HAL_TIM_Encoder_Start_DMA	32	static
stm32f1xx_hal_tim.c:3669:19:HAL_TIM_Encoder_Stop_DMA	16	static
stm32f1xx_hal_tim.c:3961:19:HAL_TIM_OC_ConfigChannel	16	static
stm32f1xx_hal_tim.c:4037:19:HAL_TIM_IC_ConfigChannel	16	static
stm32f1xx_hal_tim.c:4130:19:HAL_TIM_PWM_ConfigChannel	16	static
stm32f1xx_hal_tim.c:4241:19:HAL_TIM_OnePulse_ConfigChannel	36	static
stm32f1xx_hal_tim.c:4380:19:HAL_TIM_DMABurst_WriteStart	24	static
stm32f1xx_hal_tim.c:4426:19:HAL_TIM_DMABurst_MultiWriteStart	24	static
stm32f1xx_hal_tim.c:4603:19:HAL_TIM_DMABurst_WriteStop	16	static
stm32f1xx_hal_tim.c:4698:19:HAL_TIM_DMABurst_ReadStart	24	static
stm32f1xx_hal_tim.c:4744:19:HAL_TIM_DMABurst_MultiReadStart	24	static
stm32f1xx_hal_tim.c:4922:19:HAL_TIM_DMABurst_ReadStop	16	static
stm32f1xx_hal_tim.c:4999:19:HAL_TIM_GenerateEvent	8	static
stm32f1xx_hal_tim.c:5036:19:HAL_TIM_ConfigOCrefClear	12	static
stm32f1xx_hal_tim.c:5160:19:HAL_TIM_ConfigClockSource	16	static
stm32f1xx_hal_tim.c:5312:19:HAL_TIM_ConfigTI1Input	0	static
stm32f1xx_hal_tim.c:5344:19:HAL_TIM_SlaveConfigSynchro	16	static
stm32f1xx_hal_tim.c:5384:19:HAL_TIM_SlaveConfigSynchro_IT	16	static
stm32f1xx_hal_tim.c:5427:10:HAL_TIM_ReadCapturedValue	0	static
stm32f1xx_hal_tim.c:5511:13:HAL_TIM_PeriodElapsedCallback	0	static
stm32f1xx_hal_tim.c:6567:13:TIM_DMAPeriodElapsedCplt	8	static
stm32f1xx_hal_tim.c:5526:13:HAL_TIM_PeriodElapsedHalfCpltCallback	0	static
stm32f1xx_hal_tim.c:6588:13:TIM_DMAPeriodElapsedHalfCplt	8	static
stm32f1xx_hal_tim.c:5541:13:HAL_TIM_OC_DelayElapsedCallback	0	static
stm32f1xx_hal_tim.c:5556:13:HAL_TIM_IC_CaptureCallback	0	static
stm32f1xx_hal_tim.c:6465:6:TIM_DMACaptureCplt	8	static
stm32f1xx_hal_tim.c:5571:13:HAL_TIM_IC_CaptureHalfCpltCallback	0	static
stm32f1xx_hal_tim.c:6528:6:TIM_DMACaptureHalfCplt	8	static
stm32f1xx_hal_tim.c:5586:13:HAL_TIM_PWM_PulseFinishedCallback	0	static
stm32f1xx_hal_tim.c:6367:13:TIM_DMADelayPulseCplt	8	static
stm32f1xx_hal_tim.c:5601:13:HAL_TIM_PWM_PulseFinishedHalfCpltCallback	0	static
stm32f1xx_hal_tim.c:6426:6:TIM_DMADelayPulseHalfCplt	8	static
stm32f1xx_hal_tim.c:5616:13:HAL_TIM_TriggerCallback	0	static
stm32f1xx_hal_tim.c:3746:6:HAL_TIM_IRQHandler	8	static
stm32f1xx_hal_tim.c:6604:13:TIM_DMATriggerCplt	8	static
stm32f1xx_hal_tim.c:5631:13:HAL_TIM_TriggerHalfCpltCallback	0	static
stm32f1xx_hal_tim.c:6625:13:TIM_DMATriggerHalfCplt	8	static
stm32f1xx_hal_tim.c:5646:13:HAL_TIM_ErrorCallback	0	static
stm32f1xx_hal_tim.c:6324:6:TIM_DMAError	8	static
stm32f1xx_hal_tim.c:6204:22:HAL_TIM_Base_GetState	0	static
stm32f1xx_hal_tim.c:6214:22:HAL_TIM_OC_GetState	0	static
stm32f1xx_hal_tim.c:6224:22:HAL_TIM_PWM_GetState	0	static
stm32f1xx_hal_tim.c:6234:22:HAL_TIM_IC_GetState	0	static
stm32f1xx_hal_tim.c:6244:22:HAL_TIM_OnePulse_GetState	0	static
stm32f1xx_hal_tim.c:6254:22:HAL_TIM_Encoder_GetState	0	static
stm32f1xx_hal_tim.c:6264:23:HAL_TIM_GetActiveChannel	0	static
stm32f1xx_hal_tim.c:6282:29:HAL_TIM_GetChannelState	0	static
stm32f1xx_hal_tim.c:6299:30:HAL_TIM_DMABurstState	0	static
stm32f1xx_hal_tim.c:6642:6:TIM_Base_SetConfig	8	static
stm32f1xx_hal_tim.c:6765:6:TIM_OC2_SetConfig	16	static
stm32f1xx_hal_tim.c:7106:6:TIM_TI1_SetConfig	12	static
stm32f1xx_hal_tim.c:7398:6:TIM_ETR_SetConfig	4	static
stm32f1xx_hal_tim.c:7428:6:TIM_CCxChannelCmd	4	static
