cmsis_os2.c:827:13:TimerCallback	8	static
cmsis_os2.c:135:12:osKernelInitialize	0	static,ignoring_inline_asm
cmsis_os2.c:156:12:osKernelGetInfo	8	static
cmsis_os2.c:173:17:osKernelGetState	8	static
cmsis_os2.c:198:12:osKernelStart	8	static,ignoring_inline_asm
cmsis_os2.c:217:9:osKernelLock	8	static,ignoring_inline_asm
cmsis_os2.c:244:9:osKernelUnlock	8	static,ignoring_inline_asm
cmsis_os2.c:276:9:osKernelRestoreLock	8	static,ignoring_inline_asm
cmsis_os2.c:312:10:osKernelGetTickCount	0	static,ignoring_inline_asm
cmsis_os2.c:324:10:osKernelGetTickFreq	0	static
cmsis_os2.c:328:10:osKernelGetSysTimerCount	8	static,ignoring_inline_asm
cmsis_os2.c:342:10:osKernelGetSysTimerFreq	0	static
cmsis_os2.c:348:14:osThreadNew	48	static,ignoring_inline_asm
cmsis_os2.c:414:13:osThreadGetName	0	static,ignoring_inline_asm
cmsis_os2.c:427:14:osThreadGetId	0	static,ignoring_inline_asm
cmsis_os2.c:439:17:osThreadGetState	8	static,ignoring_inline_asm
cmsis_os2.c:461:10:osThreadGetStackSpace	0	static,ignoring_inline_asm
cmsis_os2.c:474:10:osThreadGetStackSize	0	static
cmsis_os2.c:484:12:osThreadSetPriority	8	static,ignoring_inline_asm
cmsis_os2.c:502:14:osThreadGetPriority	0	static,ignoring_inline_asm
cmsis_os2.c:515:12:osThreadYield	0	static,ignoring_inline_asm
cmsis_os2.c:528:12:osThreadSuspend	8	static,ignoring_inline_asm
cmsis_os2.c:546:12:osThreadResume	8	static,ignoring_inline_asm
cmsis_os2.c:564:18:osThreadExit	8	static
cmsis_os2.c:571:12:osThreadTerminate	8	static,ignoring_inline_asm
cmsis_os2.c:600:10:osThreadGetCount	0	static,ignoring_inline_asm
cmsis_os2.c:612:10:osThreadEnumerate	24	static,ignoring_inline_asm
cmsis_os2.c:640:10:osThreadFlagsSet	32	static,ignoring_inline_asm
cmsis_os2.c:668:10:osThreadFlagsClear	24	static,ignoring_inline_asm
cmsis_os2.c:698:10:osThreadFlagsGet	16	static,ignoring_inline_asm
cmsis_os2.c:716:10:osThreadFlagsWait	48	static,ignoring_inline_asm
cmsis_os2.c:791:12:osDelay	8	static,ignoring_inline_asm
cmsis_os2.c:808:12:osDelayUntil	16	static,ignoring_inline_asm
cmsis_os2.c:837:13:osTimerNew	32	static,ignoring_inline_asm
cmsis_os2.c:895:13:osTimerGetName	0	static,ignoring_inline_asm
cmsis_os2.c:908:12:osTimerStart	16	static,ignoring_inline_asm
cmsis_os2.c:929:12:osTimerStop	16	static,ignoring_inline_asm
cmsis_os2.c:955:10:osTimerIsRunning	0	static,ignoring_inline_asm
cmsis_os2.c:968:12:osTimerDelete	24	static,ignoring_inline_asm
cmsis_os2.c:999:18:osEventFlagsNew	0	static,ignoring_inline_asm
cmsis_os2.c:1035:10:osEventFlagsSet	16	static,ignoring_inline_asm
cmsis_os2.c:1060:10:osEventFlagsClear	16	static,ignoring_inline_asm
cmsis_os2.c:1081:10:osEventFlagsGet	0	static,ignoring_inline_asm
cmsis_os2.c:1098:10:osEventFlagsWait	24	static,ignoring_inline_asm
cmsis_os2.c:1148:12:osEventFlagsDelete	8	static,ignoring_inline_asm
cmsis_os2.c:1172:13:osMutexNew	16	static,ignoring_inline_asm
cmsis_os2.c:1251:12:osMutexAcquire	8	static,ignoring_inline_asm
cmsis_os2.c:1292:12:osMutexRelease	8	static,ignoring_inline_asm
cmsis_os2.c:1325:14:osMutexGetOwner	0	static,ignoring_inline_asm
cmsis_os2.c:1340:12:osMutexDelete	8	static,ignoring_inline_asm
cmsis_os2.c:1369:17:osSemaphoreNew	24	static,ignoring_inline_asm
cmsis_os2.c:1436:12:osSemaphoreAcquire	16	static,ignoring_inline_asm
cmsis_os2.c:1473:12:osSemaphoreRelease	16	static,ignoring_inline_asm
cmsis_os2.c:1501:10:osSemaphoreGetCount	0	static,ignoring_inline_asm
cmsis_os2.c:1517:12:osSemaphoreDelete	8	static,ignoring_inline_asm
cmsis_os2.c:1545:20:osMessageQueueNew	24	static,ignoring_inline_asm
cmsis_os2.c:1598:12:osMessageQueuePut	16	static,ignoring_inline_asm
cmsis_os2.c:1639:12:osMessageQueueGet	16	static,ignoring_inline_asm
cmsis_os2.c:1680:10:osMessageQueueGetCapacity	0	static
cmsis_os2.c:1694:10:osMessageQueueGetMsgSize	0	static
cmsis_os2.c:1708:10:osMessageQueueGetCount	0	static,ignoring_inline_asm
cmsis_os2.c:1725:10:osMessageQueueGetSpace	0	static,ignoring_inline_asm
cmsis_os2.c:1748:12:osMessageQueueReset	8	static,ignoring_inline_asm
cmsis_os2.c:1766:12:osMessageQueueDelete	8	static,ignoring_inline_asm
cmsis_os2.c:1857:6:vApplicationGetIdleTaskMemory	8	static
cmsis_os2.c:1867:6:vApplicationGetTimerTaskMemory	8	static
