queue.c:247:12:xQueueGenericReset	16	static,ignoring_inline_asm
queue.c:302:16:xQueueGenericCreateStatic	24	static,ignoring_inline_asm
queue.c:358:16:xQueueGenericCreate	24	static,ignoring_inline_asm
queue.c:518:8:xQueueGetMutexHolder	8	static
queue.c:548:8:xQueueGetMutexHolderFromISR	0	static,ignoring_inline_asm
queue.c:671:16:xQueueCreateCountingSemaphoreStatic	16	static,ignoring_inline_asm
queue.c:699:16:xQueueCreateCountingSemaphore	8	static,ignoring_inline_asm
queue.c:725:12:xQueueGenericSend	56	static,ignoring_inline_asm
queue.c:498:16:xQueueCreateMutexStatic	24	static,ignoring_inline_asm
queue.c:574:13:xQueueGiveMutexRecursive	16	static,ignoring_inline_asm
queue.c:482:16:xQueueCreateMutex	24	static
queue.c:923:12:xQueueGenericSendFromISR	32	static,ignoring_inline_asm
queue.c:1074:12:xQueueGiveFromISR	16	static,ignoring_inline_asm
queue.c:1239:12:xQueueReceive	48	static,ignoring_inline_asm
queue.c:1380:12:xQueueSemaphoreTake	48	static,ignoring_inline_asm
queue.c:629:13:xQueueTakeMutexRecursive	16	static,ignoring_inline_asm
queue.c:1599:12:xQueuePeek	48	static,ignoring_inline_asm
queue.c:1749:12:xQueueReceiveFromISR	32	static,ignoring_inline_asm
queue.c:1840:12:xQueuePeekFromISR	24	static,ignoring_inline_asm
queue.c:1894:13:uxQueueMessagesWaiting	8	static,ignoring_inline_asm
queue.c:1910:13:uxQueueSpacesAvailable	8	static,ignoring_inline_asm
queue.c:1928:13:uxQueueMessagesWaitingFromISR	0	static,ignoring_inline_asm
queue.c:1940:6:vQueueDelete	4	static,ignoring_inline_asm
queue.c:1984:14:uxQueueGetQueueNumber	0	static
queue.c:1994:7:vQueueSetQueueNumber	0	static
queue.c:2004:10:ucQueueGetQueueType	0	static
queue.c:2277:12:xQueueIsQueueEmptyFromISR	0	static,ignoring_inline_asm
queue.c:2316:12:xQueueIsQueueFullFromISR	0	static,ignoring_inline_asm
queue.c:2611:7:vQueueAddToRegistry	4	static
queue.c:2640:14:pcQueueGetName	0	static
queue.c:2668:7:vQueueUnregisterQueue	0	static
queue.c:2700:7:vQueueWaitForMessageRestricted	16	static
