stream_buffer.c:1141:13:prvInitialiseNewStreamBuffer	24	static,ignoring_inline_asm
stream_buffer.c:1066:15:prvReadBytesFromBuffer	32	static,ignoring_inline_asm
stream_buffer.c:219:23:xStreamBufferGenericCreate	32	static,ignoring_inline_asm
stream_buffer.c:271:23:xStreamBufferGenericCreateStatic	32	static,ignoring_inline_asm
stream_buffer.c:335:6:vStreamBufferDelete	0	static,ignoring_inline_asm
stream_buffer.c:368:12:xStreamBufferReset	24	static,ignoring_inline_asm
stream_buffer.c:422:12:xStreamBufferSetTriggerLevel	0	static,ignoring_inline_asm
stream_buffer.c:451:8:xStreamBufferSpacesAvailable	0	static,ignoring_inline_asm
stream_buffer.c:475:8:xStreamBufferBytesAvailable	0	static,ignoring_inline_asm
stream_buffer.c:487:8:xStreamBufferSend	56	static,ignoring_inline_asm
stream_buffer.c:588:8:xStreamBufferSendFromISR	48	static,ignoring_inline_asm
stream_buffer.c:691:8:xStreamBufferReceive	40	static,ignoring_inline_asm
stream_buffer.c:795:8:xStreamBufferReceiveFromISR	56	static,ignoring_inline_asm
stream_buffer.c:902:12:xStreamBufferIsEmpty	0	static,ignoring_inline_asm
stream_buffer.c:925:12:xStreamBufferIsFull	0	static,ignoring_inline_asm
stream_buffer.c:960:12:xStreamBufferSendCompletedFromISR	24	static,ignoring_inline_asm
stream_buffer.c:990:12:xStreamBufferReceiveCompletedFromISR	24	static,ignoring_inline_asm
stream_buffer.c:1173:14:uxStreamBufferGetStreamBufferNumber	0	static
stream_buffer.c:1183:7:vStreamBufferSetStreamBufferNumber	0	static
stream_buffer.c:1193:10:ucStreamBufferGetStreamBufferType	0	static
