pid_regulator.c:68:13:PID_HandleInit	0	static
pid_regulator.c:83:13:PID_SetKP	0	static
pid_regulator.c:94:13:PID_SetKI	0	static
pid_regulator.c:104:16:PID_GetKP	0	static
pid_regulator.c:114:16:PID_GetKI	0	static
pid_regulator.c:124:16:PID_GetDefaultKP	0	static
pid_regulator.c:134:16:PID_GetDefaultKI	0	static
pid_regulator.c:152:13:PID_SetIntegralTerm	0	static
pid_regulator.c:164:17:PID_GetKPDivisor	0	static
pid_regulator.c:175:13:PID_SetKPDivisorPOW2	0	static
pid_regulator.c:186:17:PID_GetKIDivisor	0	static
pid_regulator.c:212:13:PID_SetLowerIntegralTermLimit	0	static
pid_regulator.c:223:13:PID_SetUpperIntegralTermLimit	0	static
pid_regulator.c:197:13:PID_SetKIDivisorPOW2	16	static
pid_regulator.c:234:13:PID_SetLowerOutputLimit	0	static
pid_regulator.c:245:13:PID_SetUpperOutputLimit	0	static
pid_regulator.c:257:13:PID_SetPrevError	0	static
pid_regulator.c:269:13:PID_SetKD	0	static
pid_regulator.c:279:16:PID_GetKD	0	static
pid_regulator.c:289:17:PID_GetKDDivisor	0	static
pid_regulator.c:300:13:PID_SetKDDivisorPOW2	0	static
pid_regulator.c:321:16:PI_Controller	16	static
pid_regulator.c:422:16:PID_Controller	16	static
