pwm_curr_fdbk.c:90:13:PWMC_GetPhaseCurrents	0	static
pwm_curr_fdbk.c:127:17:PWMC_SetPhaseVoltage	24	static
pwm_curr_fdbk.c:250:13:PWMC_SwitchOffPWM	0	static
pwm_curr_fdbk.c:259:13:PWMC_SwitchOnPWM	0	static
pwm_curr_fdbk.c:276:13:PWMC_CurrentReadingCalibr	16	static
pwm_curr_fdbk.c:320:13:PWMC_TurnOnLowSides	0	static
pwm_curr_fdbk.c:329:17:PWMC_CheckOverCurrent	0	static
pwm_curr_fdbk.c:343:13:PWMC_OCPSetReferenceVoltage	0	static
pwm_curr_fdbk.c:360:13:PWMC_GetTurnOnLowSidesAction	0	static
pwm_curr_fdbk.c:366:13:PWMC_RLDetectionModeEnable	0	static
pwm_curr_fdbk.c:375:13:PWMC_RLDetectionModeDisable	0	static
pwm_curr_fdbk.c:393:17:PWMC_RLDetectionModeSetDuty	0	static
pwm_curr_fdbk.c:409:13:PWMC_RegisterGetPhaseCurrentsCallBack	0	static
pwm_curr_fdbk.c:422:13:PWMC_RegisterSwitchOffPwmCallBack	0	static
pwm_curr_fdbk.c:435:13:PWMC_RegisterSwitchonPwmCallBack	0	static
pwm_curr_fdbk.c:448:13:PWMC_RegisterReadingCalibrationCallBack	0	static
pwm_curr_fdbk.c:460:13:PWMC_RegisterTurnOnLowSidesCallBack	0	static
pwm_curr_fdbk.c:472:13:PWMC_RegisterSampPointSectXCallBack	0	static
pwm_curr_fdbk.c:484:13:PWMC_RegisterIsOverCurrentOccurredCallBack	0	static
pwm_curr_fdbk.c:496:13:PWMC_RegisterOCPSetRefVoltageCallBack	0	static
pwm_curr_fdbk.c:507:13:PWMC_RegisterRLDetectionModeEnableCallBack	0	static
pwm_curr_fdbk.c:518:13:PWMC_RegisterRLDetectionModeDisableCallBack	0	static
pwm_curr_fdbk.c:530:13:PWMC_RegisterRLDetectionModeSetDutyCallBack	0	static
pwm_curr_fdbk.c:542:13:PWMC_RegisterIrqHandlerCallBack	0	static
