mc_api.c:69:13:MC_StartMotor1	0	static
mc_api.c:89:13:MC_StopMotor1	0	static
mc_api.c:125:13:MC_ProgramSpeedRampMotor1	0	static
mc_api.c:161:13:MC_ProgramTorqueRampMotor1	0	static
mc_api.c:186:13:MC_SetCurrentReferenceMotor1	8	static
mc_api.c:202:28:MC_GetCommandStateMotor1	0	static
mc_api.c:217:13:MC_StopSpeedRampMotor1	0	static
mc_api.c:228:13:MC_StopRampMotor1	0	static
mc_api.c:236:13:MC_HasRampCompletedMotor1	0	static
mc_api.c:244:16:MC_GetMecSpeedReferenceMotor1	0	static
mc_api.c:252:16:MC_GetMecSpeedAverageMotor1	0	static
mc_api.c:260:16:MC_GetLastRampFinalSpeedMotor1	0	static
mc_api.c:268:23:MC_GetControlModeMotor1	0	static
mc_api.c:284:16:MC_GetImposedDirectionMotor1	0	static
mc_api.c:292:13:MC_GetSpeedSensorReliabilityMotor1	0	static
mc_api.c:307:16:MC_GetPhaseCurrentAmplitudeMotor1	0	static
mc_api.c:322:16:MC_GetPhaseVoltageAmplitudeMotor1	0	static
mc_api.c:330:13:MC_GetIabMotor1	8	static
mc_api.c:338:20:MC_GetIalphabetaMotor1	8	static
mc_api.c:346:13:MC_GetIqdMotor1	8	static
mc_api.c:354:13:MC_GetIqdrefMotor1	8	static
mc_api.c:362:13:MC_GetVqdMotor1	8	static
mc_api.c:370:20:MC_GetValphabetaMotor1	8	static
mc_api.c:378:16:MC_GetElAngledppMotor1	0	static
mc_api.c:386:16:MC_GetTerefMotor1	0	static
mc_api.c:400:13:MC_SetIdrefMotor1	0	static
mc_api.c:413:13:MC_Clear_IqdrefMotor1	0	static
mc_api.c:426:13:MC_AcknowledgeFaultMotor1	0	static
mc_api.c:440:17:MC_GetOccurredFaultsMotor1	0	static
mc_api.c:454:17:MC_GetCurrentFaultsMotor1	0	static
mc_api.c:462:17:MC_GetSTMStateMotor1	0	static
