mc_tasks.c:450:13:FOC_Clear	24	static
mc_tasks.c:124:13:MCboot	64	static
mc_tasks.c:486:13:FOC_InitAdditionalMethods	0	static
mc_tasks.c:503:13:FOC_CalcCurrRef	8	static
mc_tasks.c:526:13:TSK_SetChargeBootCapDelayM1	0	static
mc_tasks.c:537:13:TSK_ChargeBootCapDelayHasElapsedM1	0	static
mc_tasks.c:553:13:TSK_SetStopPermanencyTimeM1	0	static
mc_tasks.c:564:13:TSK_StopPermanencyTimeHasElapsedM1	0	static
mc_tasks.c:315:13:TSK_MediumFrequencyTaskM1	24	static
mc_tasks.c:270:13:MC_Scheduler	16	static
mc_tasks.c:254:13:MC_RunMotorControlTasks	8	static
mc_tasks.c:589:16:TSK_HighFrequencyTask	48	static
mc_tasks.c:701:13:TSK_SafetyTask_PWMOFF	24	static
mc_tasks.c:679:13:TSK_SafetyTask	8	static
mc_tasks.c:752:23:GetMCI	0	static
mc_tasks.c:771:22:GetMCT	0	static
mc_tasks.c:787:13:TSK_HardwareFaultTask	8	static
mc_tasks.c:801:6:startMediumFrequencyTask	8	static
mc_tasks.c:815:6:StartSafetyTask	8	static
mc_tasks.c:831:13:mc_lock_pins	88	static
