user_interface.c:61:13:UI_Init	8	static
user_interface.c:76:13:UI_SelectMC	0	static
user_interface.c:95:16:UI_GetSelectedMC	0	static
user_interface.c:107:17:UI_GetSelectedMCConfig	0	static
user_interface.c:120:13:UI_SetReg	32	static
user_interface.c:240:16:UI_GetReg	64	static
user_interface.c:595:13:UI_ExecCmd	8	static
user_interface.c:688:13:UI_ExecSpeedRamp	8	static
user_interface.c:705:13:UI_ExecTorqueRamp	8	static
user_interface.c:731:13:UI_GetRevupData	24	static
user_interface.c:762:13:UI_SetRevupData	24	static
user_interface.c:783:13:UI_SetCurrentReferences	16	static
user_interface.c:802:13:UI_GetMPInfo	0	static
